======================================================================
EXHAUSTIVE WIKIPEDIA SEARCH
======================================================================

Searching ALL Wikipedia pages starting with 'Ai'...
Using pagination to get complete results...

Batch 1: Fetching pages starting from 'Ai'...
  ✓ Match #1: Ai (chimpanzee)
  ✓ Match #2: Ai (poet)
  ✓ Match #3: Ai (singer)
  ✓ Match #4: Ai Nagai
  Processed 500 pages. Continuing...
Batch 2: Fetching pages starting from 'Ai no Awa Awa Hour'...
  Processed 500 pages. Continuing...
Batch 3: Fetching pages starting from 'Aicha Mezmat'...
  Processed 500 pages. Continuing...
Batch 4: Fetching pages starting from 'Aida Begić'...
  Processed 500 pages. Continuing...
Batch 5: Fetching pages starting from 'Aidan Smith'...
  Processed 500 pages. Continuing...
Batch 6: Fetching pages starting from 'Aids'...
  Processed 500 pages. Continuing...
Batch 7: Fetching pages starting from 'Aigletes'...
  ✓ Match #5: Aiguo Dai
  Processed 500 pages. Continuing...
Batch 8: Fetching pages starting from 'Aik Thi Misal'...
  Processed 500 pages. Continuing...
Batch 9: Fetching pages starting from 'Aiko Miyanaga'...
  Processed 500 pages. Continuing...
Batch 10: Fetching pages starting from 'Aili Mari Tripp'...
  Processed 500 pages. Continuing...
Batch 11: Fetching pages starting from 'Aim acronym'...
  Processed 500 pages. Continuing...
Batch 12: Fetching pages starting from 'Aimen Moueffek'...
  Processed 500 pages. Continuing...
Batch 13: Fetching pages starting from 'Aimée Dawson'...
  Processed 500 pages. Continuing...
Batch 14: Fetching pages starting from 'Ain't Shit (song)'...
  Processed 500 pages. Continuing...
Batch 15: Fetching pages starting from 'Ain Qana'...
  Processed 500 pages. Continuing...
Batch 16: Fetching pages starting from 'Aine Collins'...
  ✓ Match #6: Ainmuire mac Sétnai
  Processed 500 pages. Continuing...
Batch 17: Fetching pages starting from 'Ainslie Tavern Bond'...
  Processed 500 pages. Continuing...
Batch 18: Fetching pages starting from 'Aiou'...
  Processed 500 pages. Continuing...
Batch 19: Fetching pages starting from 'Air100'...
  Processed 500 pages. Continuing...
Batch 20: Fetching pages starting from 'Air ALM'...
  Processed 500 pages. Continuing...
Batch 21: Fetching pages starting from 'Air Cargo d'Or'...
  ✓ Match #7: Air Dubai
  Processed 500 pages. Continuing...
Batch 22: Fetching pages starting from 'Air Education and Training Command Studies and Analysis Flight'...
  Processed 500 pages. Continuing...
Batch 23: Fetching pages starting from 'Air Force Missile and Testing Center'...
  Processed 500 pages. Continuing...
Batch 24: Fetching pages starting from 'Air Foyle HeavyLift'...
  Processed 500 pages. Continuing...
Batch 25: Fetching pages starting from 'Air Kufra'...
  Processed 500 pages. Continuing...
Batch 26: Fetching pages starting from 'Air Officer Commander-in-Chief'...
  Processed 500 pages. Continuing...
Batch 27: Fetching pages starting from 'Air Stryp'...
  Processed 500 pages. Continuing...
Batch 28: Fetching pages starting from 'Air Zimbabwe North America'...
  Processed 500 pages. Continuing...
Batch 29: Fetching pages starting from 'Air flow-assisted ionization'...
  Processed 500 pages. Continuing...
Batch 30: Fetching pages starting from 'Air pollution in Poland'...
  Processed 500 pages. Continuing...
Batch 31: Fetching pages starting from 'Air transport in Taiwan'...
  Processed 500 pages. Continuing...
Batch 32: Fetching pages starting from 'Airborne Ground Surveillance'...
  Processed 500 pages. Continuing...
Batch 33: Fetching pages starting from 'Airbus A320ceo family'...
  Processed 500 pages. Continuing...
Batch 34: Fetching pages starting from 'Aircooled Motors Div, Franklin Engine Co'...
  Processed 500 pages. Continuing...
Batch 35: Fetching pages starting from 'Aircraft rescue & fire-fighting'...
  Processed 500 pages. Continuing...
Batch 36: Fetching pages starting from 'Airenja'...
  Processed 500 pages. Continuing...
Batch 37: Fetching pages starting from 'Airlift of evil'...
  Processed 500 pages. Continuing...
Batch 38: Fetching pages starting from 'Airocean World Map'...
  Processed 500 pages. Continuing...
Batch 39: Fetching pages starting from 'Airport Express (Hangzhou Metro)'...
  Processed 500 pages. Continuing...
Batch 40: Fetching pages starting from 'Airport metro station (Nagpur)'...
  Processed 500 pages. Continuing...
Batch 41: Fetching pages starting from 'Airports in Libya'...
  Processed 500 pages. Continuing...
Batch 42: Fetching pages starting from 'Airspeed LXM'...
  Processed 500 pages. Continuing...
Batch 43: Fetching pages starting from 'Airy, George Biddell, Sir'...
  ✓ Match #8: Aisea Nawai
  ✓ Match #9: Aisha Chughtai
  Processed 500 pages. Continuing...
Batch 44: Fetching pages starting from 'Aisha Musa (disambiguation)'...
  ✓ Match #10: Aisha Yousef al-Mannai
  Processed 500 pages. Continuing...
Batch 45: Fetching pages starting from 'Aisling (given name)'...
  Processed 500 pages. Continuing...
Batch 46: Fetching pages starting from 'Aitamai'...
  Processed 500 pages. Continuing...
Batch 47: Fetching pages starting from 'Aitor Galdós Alonso'...
  Processed 500 pages. Continuing...
Batch 48: Fetching pages starting from 'Aixam GTO'...
  ✓ Match #11: Aiyappan Pillai
  ✓ Match #12: Aizawa Seishisai
  Processed 500 pages. Continuing...
Batch 49: Fetching pages starting from 'Aizu Kage-ryu'...
  Reached 'Aj', stopping (past 'Ai' prefix).
  Processed 500 pages. Continuing...
Batch 50: Fetching pages starting from 'Ajami, Jaffa'...
  Moved past 'Ai' prefix (reached 'Ajami, Mary'), stopping.

======================================================================
EXHAUSTIVE SEARCH RESULTS
======================================================================
Total pages checked: 24086
Pages matching name pattern (start+end with 'ai'): 167
Person pages found: 12

Final matches: 12 people

  • Ai Nagai (length: 8)
  • Air Dubai (length: 9)
  • Aiguo Dai (length: 9)
  • Ai (poet) (length: 9)
  • Aisea Nawai (length: 11)
  • Ai (singer) (length: 11)
  • Aisha Chughtai (length: 14)
  • Aiyappan Pillai (length: 15)
  • Ai (chimpanzee) (length: 15)
  • Aizawa Seishisai (length: 16)
  • Ainmuire mac Sétnai (length: 19)
  • Aisha Yousef al-Mannai (length: 22)

======================================================================
Analysis:
======================================================================
Shortest name: 'Ai Nagai' (8 characters)
Longest name: 'Aisha Yousef al-Mannai' (22 characters)

Results saved to exhaustive_results.json

======================================================================
This search is exhaustive for English Wikipedia pages
starting with 'Ai' as of the time of this query.
======================================================================
